src/components/Navbar.tsx(2,38): error TS2305: Module '"@chakra-ui/react"' has no exported member 'useColorMode'.
src/components/Navbar.tsx(2,38): error TS6133: 'useColorMode' is declared but its value is never read.
src/main.tsx(4,8): error TS1192: Module '"C:/Users/vijay/credit-risk-engine/frontend/src/App"' has no default export.
src/pages/ApplyPage.tsx(4,18): error TS2305: Module '"@chakra-ui/react"' has no exported member 'FormControl'.
src/pages/ApplyPage.tsx(4,31): error TS2305: Module '"@chakra-ui/react"' has no exported member 'FormLabel'.
src/pages/ApplyPage.tsx(5,22): error TS2724: '"@chakra-ui/react"' has no exported member named 'useToast'. Did you mean 'useTabs'?
src/pages/ApplyPage.tsx(5,43): error TS6133: 'Text' is declared but its value is never read.
src/pages/ApplyPage.tsx(64,25): error TS2322: Type '{ children: Element[]; spacing: number; }' is not assignable to type 'IntrinsicAttributes & StackProps & RefAttributes<HTMLDivElement>'.
  Property 'spacing' does not exist on type 'IntrinsicAttributes & StackProps & RefAttributes<HTMLDivElement>'.
src/pages/ApplyPage.tsx(97,26): error TS2604: JSX element type 'Select' does not have any construct or call signatures.
src/pages/ApplyPage.tsx(97,26): error TS2786: 'Select' cannot be used as a JSX component.
  Its type 'typeof import("C:/Users/vijay/credit-risk-engine/frontend/node_modules/@chakra-ui/react/dist/types/components/select/namespace")' is not a valid JSX element type.
